// Vitest Snapshot v1, https://vitest.dev/guide/snapshot.html

exports[`Header > matches snapshot(s) 1`] = `
<div>
  <div
    class="w-full overflow-hidden"
    style="max-height: 420px; position: relative;"
  >
    <img
      alt="Main picture"
      class="w-full h-full object-cover"
      loading="eager"
      src="/main-picture-fall-1-small.jpg"
      style="object-position: 50% 65%;"
    />
  </div>
  <div
    class="absolute inset-0 bg-linear-to-b from-black/40 to-black/0 z-10"
  />
  <div
    class="absolute top-0 p-2 z-20"
  >
    <div
      class="relative flex flex-col items-center gap-2"
    >
      <mocked-woorilogo />
      <div
        aria-label="mocked-i18n-'order-food'"
        class="flex gap-2"
        role="group"
      >
        <mocked-foodorabutton />
        <mocked-ubereatsbutton />
        <mocked-woltbutton />
      </div>
      <nav
        aria-label="mocked-i18n-'social-media'"
        class="flex flex-col gap-2"
      >
        <mocked-instagrambutton />
        <mocked-facebookbutton />
        <mocked-tiktokbutton />
      </nav>
    </div>
  </div>
</div>
`;
