// Vitest Snapshot v1, https://vitest.dev/guide/snapshot.html

exports[`Home > matches snapshot(s) 1`] = `
<div>
  <div
    class="fixed top-0 right-0 m-2 z-100"
  >
    <mocked-languageswitcher />
  </div>
  <header
    class="relative flex justify-center min-h-84 lg:aspect-3/1 w-full"
    id="header"
    style="max-height: 420px;"
  >
    <mocked-header />
  </header>
  <main>
    <section
      class="flex flex-col justify-center p-8 items-center"
      id="section-intro"
    >
      <div
        class="container max-w-xl"
      >
        <div
          class="flex flex-col py-12 gap-8"
        >
          <p
            class="text-2xl italic font-gloryLight"
          >
            mocked-i18n-'welcome'
          </p>
        </div>
        <div
          class="text-center font-gloryLight border border-l-12 border-r-12 bg-yellow-400/6 p-2 border-yellow-400"
        >
          <p
            class="text-xl font-bold"
          >
            mocked-i18n-'reserve-table-title'
          </p>
          <p
            class="text-l"
          >
            mocked-i18n-'reserve-table-text'
          </p>
          <span
            class="block text-center"
          >
            <a
              class="inline-flex gap-1 hover:underline items-center"
              href="mailto:kontakt@wooristockholm.se"
            >
              <mocked-lucide-react-mail
                size="1.2rem"
              />
              kontakt@wooristockholm.se
            </a>
          </span>
        </div>
      </div>
    </section>
    <section
      class="relative flex justify-center min-h-84 lg:aspect-3/1 w-full"
      id="section-featured"
      style="max-height: 420px;"
    >
      <mocked-carousel
        crossfadeduration="3"
        images="/korean-fried-chicken-original.jpg,/beef-bibimbap.jpg,/korean-fried-chicken-sweet-spicy.jpg,/bulgogi-sm.jpg"
        opaqueduration="5"
      />
    </section>
    <section
      class="flex flex-col items-center justify-center py-12 px-0"
      id="section-menu"
    >
      <mocked-featured />
      <mocked-menu />
    </section>
  </main>
  <footer
    class="flex justify-center py-12 dark:bg-black/50 bg-black/3 px-8"
    id="footer"
  >
    <div
      class="container max-w-5xl grid md:grid-cols-2 xs:grid-cols-2 gap-4 items-stretch"
    >
      <mocked-openinghours />
      <mocked-contactdetails />
    </div>
  </footer>
</div>
`;
