// Vitest Snapshot v1, https://vitest.dev/guide/snapshot.html

exports[`InstagramButton > matches snapshot(s) 1`] = `
<div>
  <mocked-button
    aria-label="mocked-i18n-'follow-on-instagram'"
    data-testid="instagram-button"
  >
    <mocked-lucide-react-instagram />
    mocked-i18n-'follow-on-instagram'
  </mocked-button>
</div>
`;
