// Vitest Snapshot v1, https://vitest.dev/guide/snapshot.html

exports[`Menu > matches snapshot(s) 1`] = `
<div>
  <div
    class="flex flex-col px-4 gap-4 text-center undefined"
    id="menu"
  >
    <div
      class="flex flex-col gap w-full py-2 bg-black/4 dark:bg-white/4"
    >
      <h2
        class="flex justify-center mb-2"
      >
        mocked-i18n-'menu.starters'
      </h2>
      <div
        class="grid grid-cols-1 gap-x-6 px-4 justify-items-center md:grid-cols-1"
      >
        <div
          class="flex flex-col gap-2 w-full pt-2 pb-4"
        >
          <article
            class="flex flex-col w-full"
          >
            <span
              class="flex w-full justify-center text-lg font-bold"
            >
              mocked-i18n-'menu.starters.starter-1.name'
            </span>
            <span
              class="flex w-full justify-center"
            >
              mocked-i18n-'menu.starters.starter-1.price'
            </span>
            <span
              class="flex w-full justify-center text-justify [hyphens:auto] [text-align-last:center] px-4"
            >
              mocked-i18n-'menu.starters.starter-1.ingredients'
            </span>
            <span
              class="flex w-full justify-center"
            >
              mocked-i18n-'menu.starters.starter-1.allergens'
            </span>
          </article>
          <article
            class="flex flex-col w-full"
          >
            <span
              class="flex w-full justify-center text-lg font-bold"
            >
              mocked-i18n-'menu.starters.starter-2.name'
            </span>
            <span
              class="flex w-full justify-center"
            >
              mocked-i18n-'menu.starters.starter-2.price'
            </span>
            <span
              class="flex w-full justify-center text-justify [hyphens:auto] [text-align-last:center] px-4"
            >
              mocked-i18n-'menu.starters.starter-2.ingredients'
            </span>
            <span
              class="flex w-full justify-center"
            >
              mocked-i18n-'menu.starters.starter-2.allergens'
            </span>
          </article>
          <article
            class="flex flex-col w-full"
          >
            <span
              class="flex w-full justify-center text-lg font-bold"
            >
              mocked-i18n-'menu.starters.starter-3.name'
            </span>
            <span
              class="flex w-full justify-center"
            >
              mocked-i18n-'menu.starters.starter-3.price'
            </span>
            <span
              class="flex w-full justify-center text-justify [hyphens:auto] [text-align-last:center] px-4"
            >
              mocked-i18n-'menu.starters.starter-3.ingredients'
            </span>
            <span
              class="flex w-full justify-center"
            >
              mocked-i18n-'menu.starters.starter-3.allergens'
            </span>
          </article>
        </div>
      </div>
    </div>
    <div
      class="flex flex-col gap w-full py-2 bg-black/4 dark:bg-white/4"
    >
      <h2
        class="flex justify-center mb-2"
      >
        mocked-i18n-'menu.mains'
      </h2>
      <div
        class="grid grid-cols-1 gap-x-6 px-4 justify-items-center md:grid-cols-2"
      >
        <div
          class="flex flex-col gap-2 w-full pt-2 pb-4"
        >
          <h2
            class="flex justify-center mt-2 mb-2"
          >
            mocked-i18n-'menu.mains.bibimbap'
          </h2>
          <article
            class="flex flex-col w-full"
          >
            <span
              class="flex w-full justify-center text-lg font-bold"
            >
              mocked-i18n-'menu.mains.bibimbap-1.name'
            </span>
            <span
              class="flex w-full justify-center"
            >
              mocked-i18n-'menu.mains.bibimbap-1.price'
            </span>
            <span
              class="flex w-full justify-center text-justify [hyphens:auto] [text-align-last:center] px-4"
            >
              mocked-i18n-'menu.mains.bibimbap-1.ingredients'
            </span>
            <span
              class="flex w-full justify-center"
            >
              mocked-i18n-'menu.mains.bibimbap-1.allergens'
            </span>
          </article>
          <article
            class="flex flex-col w-full"
          >
            <span
              class="flex w-full justify-center text-lg font-bold"
            >
              mocked-i18n-'menu.mains.bibimbap-2.name'
            </span>
            <span
              class="flex w-full justify-center"
            >
              mocked-i18n-'menu.mains.bibimbap-2.price'
            </span>
            <span
              class="flex w-full justify-center text-justify [hyphens:auto] [text-align-last:center] px-4"
            >
              mocked-i18n-'menu.mains.bibimbap-2.ingredients'
            </span>
            <span
              class="flex w-full justify-center"
            >
              mocked-i18n-'menu.mains.bibimbap-2.allergens'
            </span>
          </article>
        </div>
        <div
          class="flex flex-col gap-2 w-full pt-2 pb-4"
        >
          <h2
            class="flex justify-center mt-2 mb-2"
          >
            mocked-i18n-'menu.mains.korean-fried-chicken'
          </h2>
          <article
            class="flex flex-col w-full"
          >
            <span
              class="flex w-full justify-center text-lg font-bold"
            >
              mocked-i18n-'menu.mains.korean-fried-chicken-1.name'
            </span>
            <span
              class="flex w-full justify-center"
            >
              mocked-i18n-'menu.mains.korean-fried-chicken-1.price'
            </span>
            <span
              class="flex w-full justify-center text-justify [hyphens:auto] [text-align-last:center] px-4"
            >
              mocked-i18n-'menu.mains.korean-fried-chicken-1.ingredients'
            </span>
            <span
              class="flex w-full justify-center"
            >
              mocked-i18n-'menu.mains.korean-fried-chicken-1.allergens'
            </span>
          </article>
          <article
            class="flex flex-col w-full"
          >
            <span
              class="flex w-full justify-center text-lg font-bold"
            >
              mocked-i18n-'menu.mains.korean-fried-chicken-2.name'
            </span>
            <span
              class="flex w-full justify-center"
            >
              mocked-i18n-'menu.mains.korean-fried-chicken-2.price'
            </span>
            <span
              class="flex w-full justify-center text-justify [hyphens:auto] [text-align-last:center] px-4"
            >
              mocked-i18n-'menu.mains.korean-fried-chicken-2.ingredients'
            </span>
            <span
              class="flex w-full justify-center"
            >
              mocked-i18n-'menu.mains.korean-fried-chicken-2.allergens'
            </span>
          </article>
          <article
            class="flex flex-col w-full"
          >
            <span
              class="flex w-full justify-center text-lg font-bold"
            >
              mocked-i18n-'menu.mains.korean-fried-chicken-3.name'
            </span>
            <span
              class="flex w-full justify-center"
            >
              mocked-i18n-'menu.mains.korean-fried-chicken-3.price'
            </span>
            <span
              class="flex w-full justify-center text-justify [hyphens:auto] [text-align-last:center] px-4"
            >
              mocked-i18n-'menu.mains.korean-fried-chicken-3.ingredients'
            </span>
            <span
              class="flex w-full justify-center"
            >
              mocked-i18n-'menu.mains.korean-fried-chicken-3.allergens'
            </span>
          </article>
        </div>
      </div>
    </div>
    <div
      class="flex flex-col gap w-full py-2 bg-black/4 dark:bg-white/4"
    >
      <h2
        class="flex justify-center mb-2"
      >
        mocked-i18n-'menu.desserts'
      </h2>
      <div
        class="grid grid-cols-1 gap-x-6 px-4 justify-items-center md:grid-cols-2"
      >
        <div
          class="flex flex-col gap-2 w-full pt-2 pb-4"
        >
          <article
            class="flex flex-col w-full"
          >
            <span
              class="flex w-full justify-center text-lg font-bold"
            >
              mocked-i18n-'menu.desserts.dessert-1.name'
            </span>
            <span
              class="flex w-full justify-center"
            >
              mocked-i18n-'menu.desserts.dessert-1.price'
            </span>
            <span
              class="flex w-full justify-center text-justify [hyphens:auto] [text-align-last:center] px-4"
            >
              mocked-i18n-'menu.desserts.dessert-1.ingredients'
            </span>
            <span
              class="flex w-full justify-center"
            >
              mocked-i18n-'menu.desserts.dessert-1.allergens'
            </span>
          </article>
        </div>
        <div
          class="flex flex-col gap-2 w-full pt-2 pb-4"
        >
          <article
            class="flex flex-col w-full"
          >
            <span
              class="flex w-full justify-center text-lg font-bold"
            >
              mocked-i18n-'menu.desserts.dessert-2.name'
            </span>
            <span
              class="flex w-full justify-center"
            >
              mocked-i18n-'menu.desserts.dessert-2.price'
            </span>
            <span
              class="flex w-full justify-center text-justify [hyphens:auto] [text-align-last:center] px-4"
            >
              mocked-i18n-'menu.desserts.dessert-2.ingredients'
            </span>
            <span
              class="flex w-full justify-center"
            >
              mocked-i18n-'menu.desserts.dessert-2.allergens'
            </span>
          </article>
        </div>
      </div>
    </div>
    <div
      class="flex flex-col gap w-full py-2 bg-black/4 dark:bg-white/4"
    >
      <h2
        class="flex justify-center mb-2"
      >
        mocked-i18n-'menu.drinks'
      </h2>
      <div
        class="grid grid-cols-1 gap-x-6 px-4 justify-items-center md:grid-cols-2"
      >
        <div
          class="flex flex-col gap-2 w-full pt-2 pb-4"
        >
          <article
            class="flex flex-col w-full"
          >
            <h2
              class="flex justify-center mt-2 mb-2"
            >
              mocked-i18n-'menu.drinks.beer'
            </h2>
            <span
              class="flex w-full justify-center text-lg font-bold"
            >
              mocked-i18n-'menu.drinks.beer.beer-3.name'
            </span>
            <span
              class="flex w-full justify-center"
            >
              mocked-i18n-'menu.drinks.beer.beer-3.price'
            </span>
          </article>
          <article
            class="flex flex-col w-full"
          >
            <span
              class="flex w-full justify-center text-lg font-bold"
            >
              mocked-i18n-'menu.drinks.beer.beer-4.name'
            </span>
            <span
              class="flex w-full justify-center"
            >
              mocked-i18n-'menu.drinks.beer.beer-4.price'
            </span>
          </article>
        </div>
        <div
          class="flex flex-col gap-2 w-full pt-2 pb-4"
        >
          <article
            class="flex flex-col w-full"
          >
            <h2
              class="flex justify-center mt-2 mb-2"
            >
              mocked-i18n-'menu.drinks.soju'
            </h2>
            <span
              class="flex w-full justify-center text-lg font-bold"
            >
              mocked-i18n-'menu.drinks.soju.soju-1.name'
            </span>
            <span
              class="flex w-full justify-center"
            >
              mocked-i18n-'menu.drinks.soju.soju-1.price'
            </span>
          </article>
          <article
            class="flex flex-col w-full"
          >
            <span
              class="flex w-full justify-center text-lg font-bold"
            >
              mocked-i18n-'menu.drinks.soju.soju-2.name'
            </span>
            <span
              class="flex w-full justify-center"
            >
              mocked-i18n-'menu.drinks.soju.soju-2.price'
            </span>
          </article>
          <article
            class="flex flex-col w-full"
          >
            <span
              class="flex w-full justify-center text-lg font-bold"
            >
              mocked-i18n-'menu.drinks.soju.soju-3.name'
            </span>
            <span
              class="flex w-full justify-center"
            >
              mocked-i18n-'menu.drinks.soju.soju-3.price'
            </span>
          </article>
        </div>
        <div
          class="flex flex-col gap-2 w-full pt-2 pb-4"
        >
          <article
            class="flex flex-col w-full"
          >
            <h2
              class="flex justify-center mt-2 mb-2"
            >
              mocked-i18n-'menu.drinks.wine'
            </h2>
            <h3
              class="flex justify-center font-bold"
            >
              mocked-i18n-'menu.drinks.wine.red'
            </h3>
          </article>
          <article
            class="flex flex-col w-full"
          >
            <span
              class="flex w-full justify-center text-lg font-bold"
            >
              mocked-i18n-'menu.drinks.wine.red-1.name'
            </span>
            <span
              class="flex w-full justify-center"
            >
              mocked-i18n-'menu.drinks.wine.red-1.price'
            </span>
          </article>
          <article
            class="flex flex-col w-full"
          >
            <span
              class="flex w-full justify-center text-lg font-bold"
            >
              mocked-i18n-'menu.drinks.wine.red-2.name'
            </span>
            <span
              class="flex w-full justify-center"
            >
              mocked-i18n-'menu.drinks.wine.red-2.price'
            </span>
          </article>
          <article
            class="flex flex-col w-full"
          >
            <h3
              class="flex justify-center font-bold"
            >
              mocked-i18n-'menu.drinks.wine.white'
            </h3>
            <span
              class="flex w-full justify-center text-lg font-bold"
            >
              mocked-i18n-'menu.drinks.wine.white-1.name'
            </span>
            <span
              class="flex w-full justify-center"
            >
              mocked-i18n-'menu.drinks.wine.white-1.price'
            </span>
          </article>
          <article
            class="flex flex-col w-full"
          >
            <span
              class="flex w-full justify-center text-lg font-bold"
            >
              mocked-i18n-'menu.drinks.wine.white-2.name'
            </span>
            <span
              class="flex w-full justify-center"
            >
              mocked-i18n-'menu.drinks.wine.white-2.price'
            </span>
          </article>
          <article
            class="flex flex-col w-full"
          >
            <h3
              class="flex justify-center font-bold"
            >
              mocked-i18n-'menu.drinks.wine.orange'
            </h3>
            <span
              class="flex w-full justify-center text-lg font-bold"
            >
              mocked-i18n-'menu.drinks.wine.orange-1.name'
            </span>
            <span
              class="flex w-full justify-center"
            >
              mocked-i18n-'menu.drinks.wine.orange-1.price'
            </span>
          </article>
          <article
            class="flex flex-col w-full"
          >
            <h3
              class="flex justify-center font-bold"
            >
              mocked-i18n-'menu.drinks.wine.rose'
            </h3>
            <span
              class="flex w-full justify-center text-lg font-bold"
            >
              mocked-i18n-'menu.drinks.wine.rose-1.name'
            </span>
            <span
              class="flex w-full justify-center"
            >
              mocked-i18n-'menu.drinks.wine.rose-1.price'
            </span>
          </article>
        </div>
        <div
          class="flex flex-col gap-2 w-full pt-2 pb-4"
        >
          <article
            class="flex flex-col w-full"
          >
            <h2
              class="flex justify-center mt-2 mb-2"
            >
              mocked-i18n-'menu.drinks.alcohol-free'
            </h2>
            <span
              class="flex w-full justify-center text-lg font-bold"
            >
              mocked-i18n-'menu.drinks.alcohol-free-1.name'
            </span>
            <span
              class="flex w-full justify-center text-lg font-bold"
            >
              mocked-i18n-'menu.drinks.alcohol-free-2.name'
            </span>
            <span
              class="flex w-full justify-center text-lg font-bold"
            >
              mocked-i18n-'menu.drinks.alcohol-free-3.name'
            </span>
            <span
              class="flex w-full justify-center text-lg font-bold"
            >
              mocked-i18n-'menu.drinks.alcohol-free-4.name'
            </span>
            <span
              class="flex w-full justify-center text-lg font-bold"
            >
              mocked-i18n-'menu.drinks.alcohol-free-5.name'
            </span>
            <span
              class="flex w-full justify-center"
            >
              mocked-i18n-'menu.drinks.alcohol-free-5.price'
            </span>
          </article>
          <article
            class="flex flex-col w-full"
          >
            <span
              class="flex w-full justify-center text-lg font-bold"
            >
              mocked-i18n-'menu.drinks.alcohol-free-6.name'
            </span>
            <span
              class="flex w-full justify-center"
            >
              mocked-i18n-'menu.drinks.alcohol-free-6.price'
            </span>
          </article>
          <article
            class="flex flex-col w-full"
          >
            <span
              class="flex w-full justify-center text-lg font-bold"
            >
              mocked-i18n-'menu.drinks.alcohol-free-7.name'
            </span>
            <span
              class="flex w-full justify-center text-lg font-bold"
            >
              mocked-i18n-'menu.drinks.alcohol-free-8.name'
            </span>
            <span
              class="flex w-full justify-center"
            >
              mocked-i18n-'menu.drinks.alcohol-free-8.price'
            </span>
          </article>
        </div>
      </div>
    </div>
  </div>
</div>
`;
