// Vitest Snapshot v1, https://vitest.dev/guide/snapshot.html

exports[`Menu > matches snapshot(s) 1`] = `
<div>
  <div
    class="container"
  >
    <mocked-menucard
      id="full-menu"
    >
      <mocked-menucard
        class="rounded-sm border-black/20 bg-black/3 dark:bg-white/3"
        id="weekly-menu"
      >
        <mocked-menutitle
          title="mocked-i18n-'menu.weekly'"
        />
        <mocked-menuitem
          allergies="mocked-i18n-'menu.weekly.weekly-1.allergies'"
          ingredients="mocked-i18n-'menu.weekly.weekly-1.ingredients'"
          price="mocked-i18n-'menu.weekly.weekly-1.price'"
          title="mocked-i18n-'menu.weekly.weekly-1.name'"
        />
      </mocked-menucard>
      <mocked-menucard
        class="rounded-sm border-black/20 bg-black/3 dark:bg-white/3"
        id="starters-menu"
      >
        <mocked-menutitle
          title="mocked-i18n-'menu.starters'"
        />
        <mocked-menuitem
          allergies="mocked-i18n-'menu.starters.starter-1.allergies'"
          ingredients="mocked-i18n-'menu.starters.starter-1.ingredients'"
          price="mocked-i18n-'menu.starters.starter-1.price'"
          title="mocked-i18n-'menu.starters.starter-1.name'"
        />
        <mocked-menuitem
          allergies="mocked-i18n-'menu.starters.starter-2.allergies'"
          ingredients="mocked-i18n-'menu.starters.starter-2.ingredients'"
          price="mocked-i18n-'menu.starters.starter-2.price'"
          title="mocked-i18n-'menu.starters.starter-2.name'"
        />
        <mocked-menuitem
          allergies="mocked-i18n-'menu.starters.starter-3.allergies'"
          ingredients="mocked-i18n-'menu.starters.starter-3.ingredients'"
          price="mocked-i18n-'menu.starters.starter-3.price'"
          title="mocked-i18n-'menu.starters.starter-3.name'"
        />
      </mocked-menucard>
      <mocked-menucard
        class="rounded-sm border-black/20 bg-black/3 dark:bg-white/3 grid-cols-1 md:grid-cols-2"
        id="mains-menu"
      >
        <mocked-menutitle
          class="col-span-1 md:col-span-2"
          title="mocked-i18n-'menu.mains'"
        />
        <mocked-menucard
          id="bibimbap-menu"
        >
          <mocked-menutitle
            title="mocked-i18n-'menu.bibimbap'"
          />
          <mocked-menuitem
            allergies="mocked-i18n-'menu.bibimbap.beef-bibimbap.allergies'"
            ingredients="mocked-i18n-'menu.bibimbap.beef-bibimbap.ingredients'"
            price="mocked-i18n-'menu.bibimbap.beef-bibimbap.price'"
            title="mocked-i18n-'menu.bibimbap.beef-bibimbap.name'"
          />
          <mocked-menuitem
            allergies="mocked-i18n-'menu.bibimbap.mushroom-bibimbap.allergies'"
            ingredients="mocked-i18n-'menu.bibimbap.mushroom-bibimbap.ingredients'"
            price="mocked-i18n-'menu.bibimbap.mushroom-bibimbap.price'"
            title="mocked-i18n-'menu.bibimbap.mushroom-bibimbap.name'"
          />
        </mocked-menucard>
        <mocked-menucard
          id="kfc-menu"
        >
          <mocked-menutitle
            title="mocked-i18n-'menu.korean-fried-chicken'"
          />
          <mocked-menuitem
            allergies="mocked-i18n-'menu.korean-fried-chicken.woori-chicken-plate.allergies'"
            ingredients="mocked-i18n-'menu.korean-fried-chicken.woori-chicken-plate.ingredients'"
            price="mocked-i18n-'menu.korean-fried-chicken.woori-chicken-plate.price'"
            title="mocked-i18n-'menu.korean-fried-chicken.woori-chicken-plate.name'"
          />
          <mocked-menuitem
            allergies="mocked-i18n-'menu.korean-fried-chicken.sweet-spicy.allergies'"
            ingredients="mocked-i18n-'menu.korean-fried-chicken.sweet-spicy.ingredients'"
            price="mocked-i18n-'menu.korean-fried-chicken.sweet-spicy.price'"
            title="mocked-i18n-'menu.korean-fried-chicken.sweet-spicy.name'"
          />
          <mocked-menuitem
            allergies="mocked-i18n-'menu.korean-fried-chicken.honey-soy.allergies'"
            ingredients="mocked-i18n-'menu.korean-fried-chicken.honey-soy.ingredients'"
            price="mocked-i18n-'menu.korean-fried-chicken.honey-soy.price'"
            title="mocked-i18n-'menu.korean-fried-chicken.honey-soy.name'"
          />
          <mocked-menuitem
            allergies="mocked-i18n-'menu.korean-fried-chicken.kids-menu.allergies'"
            ingredients="mocked-i18n-'menu.korean-fried-chicken.kids-menu.ingredients'"
            price="mocked-i18n-'menu.korean-fried-chicken.kids-menu.price'"
            title="mocked-i18n-'menu.korean-fried-chicken.kids-menu.name'"
          />
        </mocked-menucard>
      </mocked-menucard>
      <mocked-menucard
        class="rounded-sm border-black/20 bg-black/3 dark:bg-white/3 grid-cols-1"
        id="drinks-menu"
      >
        <mocked-menucard
          class="md:grid-cols-2 sm:grid-cols-1"
          id="wine-menu"
        >
          <mocked-menutitle
            class="md:col-span-2 sm:grid-cols-1"
            title="mocked-i18n-'menu.drinks.wine'"
          />
          <mocked-menucard
            id="red-wine-menu"
          >
            <mocked-menutitle
              title="mocked-i18n-'menu.drinks.wine.red'"
            />
            <mocked-menuitem
              abv="mocked-i18n-'menu.drinks.wine.red.raiola-2021.abv'"
              price="mocked-i18n-'menu.drinks.wine.red.raiola-2021.price'"
              title="mocked-i18n-'menu.drinks.wine.red.raiola-2021.name'"
            />
            <mocked-menuitem
              abv="mocked-i18n-'menu.drinks.wine.red.belfo-palhete-2024.abv'"
              price="mocked-i18n-'menu.drinks.wine.red.belfo-palhete-2024.price'"
              title="mocked-i18n-'menu.drinks.wine.red.belfo-palhete-2024.name'"
            />
          </mocked-menucard>
          <mocked-menucard
            id="white-wine-menu"
          >
            <mocked-menutitle
              title="mocked-i18n-'menu.drinks.wine.white'"
            />
            <mocked-menuitem
              abv="mocked-i18n-'menu.drinks.wine.white.branco-2022.abv'"
              price="mocked-i18n-'menu.drinks.wine.white.branco-2022.price'"
              title="mocked-i18n-'menu.drinks.wine.white.branco-2022.name'"
            />
            <mocked-menuitem
              abv="mocked-i18n-'menu.drinks.wine.white.primieras-gotas-bica.abv'"
              price="mocked-i18n-'menu.drinks.wine.white.primieras-gotas-bica.price'"
              title="mocked-i18n-'menu.drinks.wine.white.primieras-gotas-bica.name'"
            />
          </mocked-menucard>
          <mocked-menucard
            id="orange-wine-menu"
          >
            <mocked-menutitle
              title="mocked-i18n-'menu.drinks.wine.orange'"
            />
            <mocked-menuitem
              abv="mocked-i18n-'menu.drinks.wine.orange.dolia-branco-2023.abv'"
              price="mocked-i18n-'menu.drinks.wine.orange.dolia-branco-2023.price'"
              title="mocked-i18n-'menu.drinks.wine.orange.dolia-branco-2023.name'"
            />
          </mocked-menucard>
          <mocked-menucard
            id="rose-wine-menu"
          >
            <mocked-menutitle
              title="mocked-i18n-'menu.drinks.wine.rose'"
            />
            <mocked-menuitem
              abv="mocked-i18n-'menu.drinks.wine.rose.baga-rosado-2024.abv'"
              price="mocked-i18n-'menu.drinks.wine.rose.baga-rosado-2024.price'"
              title="mocked-i18n-'menu.drinks.wine.rose.baga-rosado-2024.name'"
            />
          </mocked-menucard>
        </mocked-menucard>
        <mocked-menucard
          id="beer-menu"
        >
          <mocked-menutitle
            title="mocked-i18n-'menu.drinks.beer'"
          />
          <mocked-menuitem
            abv="mocked-i18n-'menu.drinks.beer.beer-3.abv'"
            amount="mocked-i18n-'menu.drinks.beer.beer-3.amount'"
            price="mocked-i18n-'menu.drinks.beer.beer-3.price'"
            title="mocked-i18n-'menu.drinks.beer.beer-3.name'"
          />
          <mocked-menuitem
            abv="mocked-i18n-'menu.drinks.beer.beer-4.abv'"
            amount="mocked-i18n-'menu.drinks.beer.beer-4.amount'"
            price="mocked-i18n-'menu.drinks.beer.beer-4.price'"
            title="mocked-i18n-'menu.drinks.beer.beer-4.name'"
          />
        </mocked-menucard>
        <mocked-menucard
          class="col-span-1"
          id="alcohol-free-menu"
        >
          <mocked-menutitle
            title="mocked-i18n-'menu.drinks.alcohol-free'"
          />
          <mocked-menuitem
            amount="mocked-i18n-'menu.drinks.alcohol-free.coca-cola.amount'"
            price="mocked-i18n-'menu.drinks.alcohol-free.coca-cola.price'"
            title="mocked-i18n-'menu.drinks.alcohol-free.coca-cola.name'"
          />
          <mocked-menuitem
            amount="mocked-i18n-'menu.drinks.alcohol-free.coca-cola-zero.amount'"
            price="mocked-i18n-'menu.drinks.alcohol-free.coca-cola-zero.price'"
            title="mocked-i18n-'menu.drinks.alcohol-free.coca-cola-zero.name'"
          />
          <mocked-menuitem
            amount="mocked-i18n-'menu.drinks.alcohol-free.ramlosa-natural.amount'"
            price="mocked-i18n-'menu.drinks.alcohol-free.ramlosa-natural.price'"
            title="mocked-i18n-'menu.drinks.alcohol-free.ramlosa-natural.name'"
          />
          <mocked-menuitem
            amount="mocked-i18n-'menu.drinks.alcohol-free.ramlosa-citrus.amount'"
            price="mocked-i18n-'menu.drinks.alcohol-free.ramlosa-citrus.price'"
            title="mocked-i18n-'menu.drinks.alcohol-free.ramlosa-citrus.name'"
          />
          <mocked-menuitem
            amount="mocked-i18n-'menu.drinks.alcohol-free.fanta.amount'"
            price="mocked-i18n-'menu.drinks.alcohol-free.fanta.price'"
            title="mocked-i18n-'menu.drinks.alcohol-free.fanta.name'"
          />
          <mocked-menuitem
            amount="mocked-i18n-'menu.drinks.alcohol-free.mariestads-alcohol-free.amount'"
            price="mocked-i18n-'menu.drinks.alcohol-free.mariestads-alcohol-free.price'"
            title="mocked-i18n-'menu.drinks.alcohol-free.mariestads-alcohol-free.name'"
          />
          <mocked-menuitem
            amount="mocked-i18n-'menu.drinks.alcohol-free.le-tribute-ginger-beer.amount'"
            price="mocked-i18n-'menu.drinks.alcohol-free.le-tribute-ginger-beer.price'"
            title="mocked-i18n-'menu.drinks.alcohol-free.le-tribute-ginger-beer.name'"
          />
          <mocked-menuitem
            amount="mocked-i18n-'menu.drinks.alcohol-free.le-tribute-pink-grapefruit.amount'"
            price="mocked-i18n-'menu.drinks.alcohol-free.le-tribute-pink-grapefruit.price'"
            title="mocked-i18n-'menu.drinks.alcohol-free.le-tribute-pink-grapefruit.name'"
          />
        </mocked-menucard>
      </mocked-menucard>
    </mocked-menucard>
  </div>
</div>
`;
