// Vitest Snapshot v1, https://vitest.dev/guide/snapshot.html

exports[`OpeningHours > matches snapshot(s) 1`] = `
<div>
  <div
    class="flex flex-col items-center text-center"
    id="open-hours"
  >
    <h2>
      mocked-i18n-'opening-hours'
    </h2>
    <h3>
      mocked-i18n-'opening-hours-subtitle'
    </h3>
    <span>
      mocked-i18n-'opening-hours-close'
    </span>
    <span>
      mocked-i18n-'opening-hours-open'
    </span>
    <span>
      mocked-i18n-'opening-hours-open'
    </span>
    <span>
      mocked-i18n-'opening-hours-open'
    </span>
    <span>
      mocked-i18n-'opening-hours-open'
    </span>
    <span>
      mocked-i18n-'opening-hours-open'
    </span>
    <span>
      mocked-i18n-'opening-hours-close'
    </span>
  </div>
</div>
`;
