// Vitest Snapshot v1, https://vitest.dev/guide/snapshot.html

exports[`UberEatsButton > matches snapshot(s) 1`] = `
<div>
  <mocked-button
    aria-label="mocked-i18n-'ubereats-link-description'"
    class="bg-[#06c167]/90 hover:bg-[#32d184]"
    data-testid="ubereats-button"
  >
    <mocked-ubereatslogo />
  </mocked-button>
</div>
`;
